OziExplorer Map Data File Version 2.2
$name$
$number$-top25raster-$year$.tif
1 ,Map Code,
Rijksdriehoeksmeting,WGS 84,   0.0000,   0.0000,WGS 84
Reserved 1
Reserved 2
Magnetic Variation,,,E
Map Projection,Transverse Mercator,PolyCal,No,AutoCalOnly,No,BSBUseWPX,No
Point01,xy,    0,    0,in, deg,    ,        ,,    ,        ,, grid,   , $xMin$    , $yMax$    ,N
Point02,xy, 8000,10000,in, deg,    ,        ,,    ,        ,, grid,   , $xMax$    , $yMin$    ,N
Point03,xy,     ,     ,in, deg,    ,        ,,    ,        ,, grid,   ,           ,           ,
Point04,xy,     ,     ,in, deg,    ,        ,,    ,        ,, grid,   ,           ,           ,
Point05,xy,     ,     ,in, deg,    ,        ,,    ,        ,, grid,   ,           ,           ,
Point06,xy,     ,     ,in, deg,    ,        ,,    ,        ,, grid,   ,           ,           ,
Point07,xy,     ,     ,in, deg,    ,        ,,    ,        ,, grid,   ,           ,           ,
Point08,xy,     ,     ,in, deg,    ,        ,,    ,        ,, grid,   ,           ,           ,
Point09,xy,     ,     ,in, deg,    ,        ,,    ,        ,, grid,   ,           ,           ,
Point10,xy,     ,     ,in, deg,    ,        ,,    ,        ,, grid,   ,           ,           ,
Point11,xy,     ,     ,in, deg,    ,        ,,    ,        ,, grid,   ,           ,           ,
Point12,xy,     ,     ,in, deg,    ,        ,,    ,        ,, grid,   ,           ,           ,
Point13,xy,     ,     ,in, deg,    ,        ,,    ,        ,, grid,   ,           ,           ,
Point14,xy,     ,     ,in, deg,    ,        ,,    ,        ,, grid,   ,           ,           ,
Point15,xy,     ,     ,in, deg,    ,        ,,    ,        ,, grid,   ,           ,           ,
Point16,xy,     ,     ,in, deg,    ,        ,,    ,        ,, grid,   ,           ,           ,
Point17,xy,     ,     ,in, deg,    ,        ,,    ,        ,, grid,   ,           ,           ,
Point18,xy,     ,     ,in, deg,    ,        ,,    ,        ,, grid,   ,           ,           ,
Point19,xy,     ,     ,in, deg,    ,        ,,    ,        ,, grid,   ,           ,           ,
Point20,xy,     ,     ,in, deg,    ,        ,,    ,        ,, grid,   ,           ,           ,
Point21,xy,     ,     ,in, deg,    ,        ,,    ,        ,, grid,   ,           ,           ,
Point22,xy,     ,     ,in, deg,    ,        ,,    ,        ,, grid,   ,           ,           ,
Point23,xy,     ,     ,in, deg,    ,        ,,    ,        ,, grid,   ,           ,           ,
Point24,xy,     ,     ,in, deg,    ,        ,,    ,        ,, grid,   ,           ,           ,
Point25,xy,     ,     ,in, deg,    ,        ,,    ,        ,, grid,   ,           ,           ,
Point26,xy,     ,     ,in, deg,    ,        ,,    ,        ,, grid,   ,           ,           ,
Point27,xy,     ,     ,in, deg,    ,        ,,    ,        ,, grid,   ,           ,           ,
Point28,xy,     ,     ,in, deg,    ,        ,,    ,        ,, grid,   ,           ,           ,
Point29,xy,     ,     ,in, deg,    ,        ,,    ,        ,, grid,   ,           ,           ,
Point30,xy,     ,     ,in, deg,    ,        ,,    ,        ,, grid,   ,           ,           ,
Projection Setup,     0.000000000,     5.387633333,     0.999907900,       155000.00,-5316592.00,    ,    ,,,
Map Feature = MF ; Map Comment = MC     These follow if they exist
Track File = TF      These follow if they exist
Moving Map Parameters = MM?    These follow if they exist
MM0,Yes
MMPNUM,4
MMPXY,1,0,0
MMPXY,2,8000,0
MMPXY,3,8000,10000
MMPXY,4,0,10000
MMPLL,1,   $nwLon$,  $nwLat$
MMPLL,2,   $neLon$,  $neLat$
MMPLL,3,   $seLon$,  $seLat$
MMPLL,4,   $swLon$,  $swLat$
MM1B,2.496705
LL Grid Setup
LLGRID,No,10 Sec,Yes,255,16711680,0,No Labels,0,16777215,7,1,Yes,x
Other Grid Setup
GRGRID,Yes,1 Km,No,5450740,15441496,Labels,0,16777215,8,1,Yes,No,No,x
MOP,Map Open Position,0,0
MOPLL,Map Open Position,0.0000000,0.0000000,100
IWH,Map Image Width/Height,4000,5000
MLP,Map Last Position,5.2966377,6.1094781,500
